
Memory Configuration

Name             Origin             Length             Attributes
*default*        0x0000000000000000 0xffffffffffffffff

Linker script and memory map

                0x00000000d0800000                . = 0xd0800000
                0x00000000d0800000                _text_boot = .

.text.boot      0x00000000d0800000      0x290
 *(.text.boot)
 .text.boot     0x00000000d0800000      0x290 build/boot_s.o
                0x00000000d0800000                _start
                0x00000000d08001b4                idmap_replace_ttbr1
                0x00000000d0800290                _etext_boot = .
                0x00000000d0800290                _text = .

.text           0x00000000d0800800     0x3030
 *(.text)
 .text          0x00000000d0800800      0x8d0 build/mmu_c.o
                0x00000000d08009f0                pmd_set_section
                0x00000000d0801098                paging_init
 .text          0x00000000d08010d0       0xfc build/string_c.o
                0x00000000d08010d0                strlen
                0x00000000d0801114                memset
                0x00000000d0801168                memcpy
 .text          0x00000000d08011cc      0x23c build/page_alloc_c.o
                0x00000000d08011cc                mem_init
                0x00000000d0801300                get_free_page
                0x00000000d0801394                free_page
 .text          0x00000000d0801408      0x5f4 build/gpio_c.o
                0x00000000d0801638                gpio_pinmux_set
                0x00000000d080174c                gpio_direction_input
                0x00000000d08017cc                gpio_direction_output
                0x00000000d08018d0                gpio_get
                0x00000000d080193c                gpio_set
 .text          0x00000000d08019fc      0x3c0 build/gic_v3_timer_c.o
                0x00000000d0801cbc                cntv_timer_init_1ms
                0x00000000d0801d2c                irq_handle
 .text          0x00000000d0801dbc      0x2c4 build/kernel_c.o
                0x00000000d0801dd4                bad_mode
                0x00000000d0801f00                probe_gic_cpuif
                0x00000000d0801fc0                kernel_main
 .text          0x00000000d0802080       0x10 build/mm_s.o
                0x00000000d0802080                memzero
 *fill*         0x00000000d0802090      0x770 
 .text          0x00000000d0802800     0x1030 build/enter_s.o
                0x00000000d0803000                vectors
                0x00000000d080381c                trigger_alignment
 .text          0x00000000d0803830        0x0 build/boot_s.o
                0x00000000d0803830                _etext = .
                0x00000000d0803830                _rodata = .

.iplt           0x00000000d0803830        0x0
 .iplt          0x00000000d0803830        0x0 build/mmu_c.o

.rodata
 *(.rodata)
                0x00000000d0803830                _erodata = .
                0x00000000d0803830                _data = .

.eh_frame       0x00000000d0803830      0x73c
 .eh_frame      0x00000000d0803830      0x228 build/mmu_c.o
 .eh_frame      0x00000000d0803a58       0x48 build/string_c.o
                                         0x60 (size before relaxing)
 .eh_frame      0x00000000d0803aa0       0x48 build/page_alloc_c.o
                                         0x60 (size before relaxing)
 .eh_frame      0x00000000d0803ae8      0x190 build/gpio_c.o
                                        0x1a8 (size before relaxing)
 .eh_frame      0x00000000d0803c78      0x1a8 build/gic_v3_timer_c.o
                                        0x1c0 (size before relaxing)
 .eh_frame      0x00000000d0803e20      0x14c build/kernel_c.o
                                        0x160 (size before relaxing)

.rela.dyn       0x00000000d0803f70        0x0
 .rela.iplt     0x00000000d0803f70        0x0 build/mmu_c.o
 .rela.got      0x00000000d0803f70        0x0 build/mmu_c.o
 .rela.text.boot
                0x00000000d0803f70        0x0 build/mmu_c.o

.data           0x00000000d0803f70     0x1b58
 *(.data)
 .data          0x00000000d0803f70        0x0 build/mmu_c.o
 .data          0x00000000d0803f70        0x0 build/string_c.o
 .data          0x00000000d0803f70        0x0 build/page_alloc_c.o
 .data          0x00000000d0803f70     0x1b58 build/gpio_c.o
 .data          0x00000000d0805ac8        0x0 build/gic_v3_timer_c.o
 .data          0x00000000d0805ac8        0x0 build/kernel_c.o
 .data          0x00000000d0805ac8        0x0 build/mm_s.o
 .data          0x00000000d0805ac8        0x0 build/enter_s.o
 .data          0x00000000d0805ac8        0x0 build/boot_s.o

.igot.plt       0x00000000d0805ac8        0x0
 .igot.plt      0x00000000d0805ac8        0x0 build/mmu_c.o

.got            0x00000000d0805ac8       0x40
 .got           0x00000000d0805ac8       0x40 build/mmu_c.o
                0x00000000d0805ac8                _GLOBAL_OFFSET_TABLE_

.got.plt        0x00000000d0805b08       0x18
 .got.plt       0x00000000d0805b08       0x18 build/mmu_c.o

.data.rel.ro.local
                0x00000000d0805b20     0x20d0
 .data.rel.ro.local
                0x00000000d0805b20     0x20d0 build/gpio_c.o
                0x00000000d0808000                . = ALIGN (0x1000)
                0x00000000d0808000                idmap_pg_dir = .
                0x00000000d080b000                . = (. + 0x3000)
                0x00000000d080b000                idmap_pg_end = .
                0x00000000d080b000                init_pg_dir = .
                0x00000000d080e000                . = (. + 0x3000)
                0x00000000d080e000                init_pg_end = .
                0x00000000d080e000                swapper_pg_dir = .
                0x00000000d080f000                . = (. + 0x1000)
                0x00000000d080f000                _edata = .
                0x00000000d080f000                . = ALIGN (0x8)
                0x00000000d080f000                _bss = .

.bss            0x00000000d080f000     0x8020
 *(.bss*)
 .bss           0x00000000d080f000        0x0 build/mmu_c.o
 .bss           0x00000000d080f000        0x0 build/string_c.o
 .bss           0x00000000d080f000     0x8020 build/page_alloc_c.o
 .bss           0x00000000d0817020        0x0 build/gpio_c.o
 .bss           0x00000000d0817020        0x0 build/gic_v3_timer_c.o
 .bss           0x00000000d0817020        0x0 build/kernel_c.o
 .bss           0x00000000d0817020        0x0 build/mm_s.o
 .bss           0x00000000d0817020        0x0 build/enter_s.o
 .bss           0x00000000d0817020        0x0 build/boot_s.o
                0x00000000d0817020                _ebss = .
                0x00000000d0817020                _end = .
                0x00000000d0817020                _heap_start = .
                0x00000000d7c00000                . = 0xd7c00000
                0x00000000d7c00000                _heap_end = .
                0x00000000d7c00000                _shared_memory = .
                0x00000000d8000000                . = 0xd8000000
                0x00000000d8000000                _stack_bottom = .
                0x00000000d8800000                . = 0xd8800000
                0x00000000d8800000                _stack_top = .
LOAD build/mmu_c.o
LOAD build/string_c.o
LOAD build/page_alloc_c.o
LOAD build/gpio_c.o
LOAD build/gic_v3_timer_c.o
LOAD build/kernel_c.o
LOAD build/mm_s.o
LOAD build/enter_s.o
LOAD build/boot_s.o
OUTPUT(build/rubikpi3_amp.elf elf64-littleaarch64)
LOAD linker stubs

.debug_info     0x0000000000000000     0x2589
 .debug_info    0x0000000000000000      0xa00 build/mmu_c.o
 .debug_info    0x0000000000000a00      0x19d build/string_c.o
 .debug_info    0x0000000000000b9d      0x1fa build/page_alloc_c.o
 .debug_info    0x0000000000000d97      0xb9a build/gpio_c.o
 .debug_info    0x0000000000001931      0x45b build/gic_v3_timer_c.o
 .debug_info    0x0000000000001d8c      0x773 build/kernel_c.o
 .debug_info    0x00000000000024ff       0x2e build/mm_s.o
 .debug_info    0x000000000000252d       0x2e build/enter_s.o
 .debug_info    0x000000000000255b       0x2e build/boot_s.o

.debug_abbrev   0x0000000000000000      0x89c
 .debug_abbrev  0x0000000000000000      0x1c7 build/mmu_c.o
 .debug_abbrev  0x00000000000001c7       0xc2 build/string_c.o
 .debug_abbrev  0x0000000000000289       0xfe build/page_alloc_c.o
 .debug_abbrev  0x0000000000000387      0x1bc build/gpio_c.o
 .debug_abbrev  0x0000000000000543      0x162 build/gic_v3_timer_c.o
 .debug_abbrev  0x00000000000006a5      0x1bb build/kernel_c.o
 .debug_abbrev  0x0000000000000860       0x14 build/mm_s.o
 .debug_abbrev  0x0000000000000874       0x14 build/enter_s.o
 .debug_abbrev  0x0000000000000888       0x14 build/boot_s.o

.debug_aranges  0x0000000000000000      0x1b0
 .debug_aranges
                0x0000000000000000       0x30 build/mmu_c.o
 .debug_aranges
                0x0000000000000030       0x30 build/string_c.o
 .debug_aranges
                0x0000000000000060       0x30 build/page_alloc_c.o
 .debug_aranges
                0x0000000000000090       0x30 build/gpio_c.o
 .debug_aranges
                0x00000000000000c0       0x30 build/gic_v3_timer_c.o
 .debug_aranges
                0x00000000000000f0       0x30 build/kernel_c.o
 .debug_aranges
                0x0000000000000120       0x30 build/mm_s.o
 .debug_aranges
                0x0000000000000150       0x30 build/enter_s.o
 .debug_aranges
                0x0000000000000180       0x30 build/boot_s.o

.debug_line     0x0000000000000000      0xab0
 .debug_line    0x0000000000000000      0x2df build/mmu_c.o
 .debug_line    0x00000000000002df       0xc1 build/string_c.o
 .debug_line    0x00000000000003a0      0x103 build/page_alloc_c.o
 .debug_line    0x00000000000004a3      0x14b build/gpio_c.o
 .debug_line    0x00000000000005ee      0x187 build/gic_v3_timer_c.o
 .debug_line    0x0000000000000775      0x191 build/kernel_c.o
 .debug_line    0x0000000000000906       0x3d build/mm_s.o
 .debug_line    0x0000000000000943       0xa4 build/enter_s.o
 .debug_line    0x00000000000009e7       0xc9 build/boot_s.o

.debug_str      0x0000000000000000     0x10c0
 .debug_str     0x0000000000000000      0x30f build/mmu_c.o
                                        0x360 (size before relaxing)
 .debug_str     0x000000000000030f       0x34 build/string_c.o
                                        0x148 (size before relaxing)
 .debug_str     0x0000000000000343       0x95 build/page_alloc_c.o
                                        0x1b8 (size before relaxing)
 .debug_str     0x00000000000003d8      0xa8f build/gpio_c.o
                                        0xbbd (size before relaxing)
 .debug_str     0x0000000000000e67      0x16d build/gic_v3_timer_c.o
                                        0x2ae (size before relaxing)
 .debug_str     0x0000000000000fd4       0xc0 build/kernel_c.o
                                        0xa52 (size before relaxing)
 .debug_str     0x0000000000001094       0x15 build/mm_s.o
                                         0x3d (size before relaxing)
 .debug_str     0x00000000000010a9        0xc build/enter_s.o
                                         0x40 (size before relaxing)
 .debug_str     0x00000000000010b5        0xb build/boot_s.o
                                         0x3f (size before relaxing)

.comment        0x0000000000000000       0x2b
 .comment       0x0000000000000000       0x2b build/mmu_c.o
                                         0x2c (size before relaxing)
 .comment       0x000000000000002b       0x2c build/string_c.o
 .comment       0x000000000000002b       0x2c build/page_alloc_c.o
 .comment       0x000000000000002b       0x2c build/gpio_c.o
 .comment       0x000000000000002b       0x2c build/gic_v3_timer_c.o
 .comment       0x000000000000002b       0x2c build/kernel_c.o

.note.GNU-stack
                0x0000000000000000        0x0
 .note.GNU-stack
                0x0000000000000000        0x0 build/mmu_c.o
 .note.GNU-stack
                0x0000000000000000        0x0 build/string_c.o
 .note.GNU-stack
                0x0000000000000000        0x0 build/page_alloc_c.o
 .note.GNU-stack
                0x0000000000000000        0x0 build/gpio_c.o
 .note.GNU-stack
                0x0000000000000000        0x0 build/gic_v3_timer_c.o
 .note.GNU-stack
                0x0000000000000000        0x0 build/kernel_c.o

Cross Reference Table

Symbol                                            File
_GLOBAL_OFFSET_TABLE_                             build/mmu_c.o
_bss                                              build/boot_s.o
_ebss                                             build/boot_s.o
_end                                              build/boot_s.o
_etext                                            build/mmu_c.o
_heap_end                                         build/boot_s.o
                                                  build/page_alloc_c.o
_heap_start                                       build/boot_s.o
                                                  build/page_alloc_c.o
_shared_memory                                    build/boot_s.o
                                                  build/kernel_c.o
                                                  build/gic_v3_timer_c.o
_stack_bottom                                     build/boot_s.o
_stack_top                                        build/boot_s.o
                                                  build/mmu_c.o
_start                                            build/boot_s.o
_text_boot                                        build/boot_s.o
                                                  build/mmu_c.o
bad_mode                                          build/kernel_c.o
                                                  build/enter_s.o
cntv_timer_init_1ms                               build/gic_v3_timer_c.o
free_page                                         build/page_alloc_c.o
get_free_page                                     build/page_alloc_c.o
                                                  build/mmu_c.o
gpio_direction_input                              build/gpio_c.o
gpio_direction_output                             build/gpio_c.o
                                                  build/kernel_c.o
gpio_get                                          build/gpio_c.o
gpio_pinmux_set                                   build/gpio_c.o
                                                  build/kernel_c.o
gpio_set                                          build/gpio_c.o
idmap_pg_dir                                      build/boot_s.o
                                                  build/mmu_c.o
idmap_pg_end                                      build/boot_s.o
idmap_replace_ttbr1                               build/boot_s.o
init_pg_dir                                       build/boot_s.o
init_pg_end                                       build/boot_s.o
irq_handle                                        build/gic_v3_timer_c.o
                                                  build/enter_s.o
kernel_main                                       build/kernel_c.o
                                                  build/boot_s.o
mem_init                                          build/page_alloc_c.o
                                                  build/kernel_c.o
memcpy                                            build/string_c.o
memset                                            build/string_c.o
                                                  build/mmu_c.o
memzero                                           build/mm_s.o
                                                  build/boot_s.o
paging_init                                       build/mmu_c.o
                                                  build/kernel_c.o
pmd_set_section                                   build/mmu_c.o
probe_gic_cpuif                                   build/kernel_c.o
strlen                                            build/string_c.o
trigger_alignment                                 build/enter_s.o
vectors                                           build/enter_s.o
                                                  build/boot_s.o
