
Memory Configuration

Name             Origin             Length             Attributes
*default*        0x0000000000000000 0xffffffffffffffff

Linker script and memory map

                0x00000000d0800000                . = 0xd0800000
                0x00000000d0800000                _text_boot = .

.text.boot      0x00000000d0800000      0xa58
 *(.text.boot)
 .text.boot     0x00000000d0800000      0xa58 build/boot_s.o
                0x00000000d0800000                _start
                0x00000000d0800800                vectors
                0x00000000d0800984                idmap_replace_ttbr1
                0x00000000d0800a58                _etext_boot = .
                0x00000000d0800a58                _text = .

.text           0x00000000d0800a58      0xf00
 *(.text)
 .text          0x00000000d0800a58      0x984 build/mmu_c.o
                0x00000000d0800c48                pmd_set_section
                0x00000000d080135c                paging_init
 .text          0x00000000d08013dc      0x2bc build/string_c.o
                0x00000000d08013dc                strlen
                0x00000000d0801474                __memset
                0x00000000d0801608                memset
                0x00000000d0801634                memcpy
 .text          0x00000000d0801698      0x23c build/page_alloc_c.o
                0x00000000d0801698                mem_init
                0x00000000d08017cc                get_free_page
                0x00000000d0801860                free_page
 .text          0x00000000d08018d4       0x74 build/kernel_c.o
                0x00000000d08018d4                bad_mode
                0x00000000d08018f0                kernel_main
 .text          0x00000000d0801948       0x10 build/mm_s.o
                0x00000000d0801948                memzero
 .text          0x00000000d0801958        0x0 build/boot_s.o
                0x00000000d0801958                _etext = .
                0x00000000d0801958                _rodata = .

.iplt           0x00000000d0801958        0x0
 .iplt          0x00000000d0801958        0x0 build/mmu_c.o

.rodata
 *(.rodata)
                0x00000000d0801958                _erodata = .
                0x00000000d0801958                _data = .

.eh_frame       0x00000000d0801958      0x330
 .eh_frame      0x00000000d0801958      0x228 build/mmu_c.o
 .eh_frame      0x00000000d0801b80       0x88 build/string_c.o
                                         0xa0 (size before relaxing)
 .eh_frame      0x00000000d0801c08       0x48 build/page_alloc_c.o
                                         0x60 (size before relaxing)
 .eh_frame      0x00000000d0801c50       0x38 build/kernel_c.o
                                         0x50 (size before relaxing)

.rela.dyn       0x00000000d0801c88        0x0
 .rela.iplt     0x00000000d0801c88        0x0 build/mmu_c.o
 .rela.got      0x00000000d0801c88        0x0 build/mmu_c.o
 .rela.text.boot
                0x00000000d0801c88        0x0 build/mmu_c.o

.data           0x00000000d0801c88        0x0
 *(.data)
 .data          0x00000000d0801c88        0x0 build/mmu_c.o
 .data          0x00000000d0801c88        0x0 build/string_c.o
 .data          0x00000000d0801c88        0x0 build/page_alloc_c.o
 .data          0x00000000d0801c88        0x0 build/kernel_c.o
 .data          0x00000000d0801c88        0x0 build/mm_s.o
 .data          0x00000000d0801c88        0x0 build/boot_s.o

.igot.plt       0x00000000d0801c88        0x0
 .igot.plt      0x00000000d0801c88        0x0 build/mmu_c.o

.got            0x00000000d0801c88       0x38
 .got           0x00000000d0801c88       0x38 build/mmu_c.o
                0x00000000d0801c88                _GLOBAL_OFFSET_TABLE_

.got.plt        0x00000000d0801cc0       0x18
 .got.plt       0x00000000d0801cc0       0x18 build/mmu_c.o
                0x00000000d0802000                . = ALIGN (0x1000)
                0x00000000d0802000                idmap_pg_dir = .
                0x00000000d0805000                . = (. + 0x3000)
                0x00000000d0805000                idmap_pg_end = .
                0x00000000d0805000                init_pg_dir = .
                0x00000000d0808000                . = (. + 0x3000)
                0x00000000d0808000                init_pg_end = .
                0x00000000d0808000                swapper_pg_dir = .
                0x00000000d0809000                . = (. + 0x1000)
                0x00000000d0809000                _edata = .
                0x00000000d0809000                . = ALIGN (0x8)
                0x00000000d0809000                _bss = .

.bss            0x00000000d0809000     0x8020
 *(.bss*)
 .bss           0x00000000d0809000        0x0 build/mmu_c.o
 .bss           0x00000000d0809000        0x0 build/string_c.o
 .bss           0x00000000d0809000     0x8020 build/page_alloc_c.o
 .bss           0x00000000d0811020        0x0 build/kernel_c.o
 .bss           0x00000000d0811020        0x0 build/mm_s.o
 .bss           0x00000000d0811020        0x0 build/boot_s.o
                0x00000000d0811020                _ebss = .
                0x00000000d0811020                _end = .
                0x00000000d0811020                _heap_start = .
                0x00000000d7c00000                . = 0xd7c00000
                0x00000000d7c00000                _heap_end = .
                0x00000000d7c00000                _shared_memory = .
                0x00000000d8000000                . = 0xd8000000
                0x00000000d8000000                _stack_bottom = .
                0x00000000d8800000                . = 0xd8800000
                0x00000000d8800000                _stack_top = .
LOAD build/mmu_c.o
LOAD build/string_c.o
LOAD build/page_alloc_c.o
LOAD build/kernel_c.o
LOAD build/mm_s.o
LOAD build/boot_s.o
OUTPUT(build/rubikpi3_amp.elf elf64-littleaarch64)
LOAD linker stubs

.debug_info     0x0000000000000000     0x1113
 .debug_info    0x0000000000000000      0xa70 build/mmu_c.o
 .debug_info    0x0000000000000a70      0x2cd build/string_c.o
 .debug_info    0x0000000000000d3d      0x1fa build/page_alloc_c.o
 .debug_info    0x0000000000000f37      0x180 build/kernel_c.o
 .debug_info    0x00000000000010b7       0x2e build/mm_s.o
 .debug_info    0x00000000000010e5       0x2e build/boot_s.o

.debug_abbrev   0x0000000000000000      0x577
 .debug_abbrev  0x0000000000000000      0x21f build/mmu_c.o
 .debug_abbrev  0x000000000000021f      0x116 build/string_c.o
 .debug_abbrev  0x0000000000000335       0xfe build/page_alloc_c.o
 .debug_abbrev  0x0000000000000433      0x11c build/kernel_c.o
 .debug_abbrev  0x000000000000054f       0x14 build/mm_s.o
 .debug_abbrev  0x0000000000000563       0x14 build/boot_s.o

.debug_aranges  0x0000000000000000      0x120
 .debug_aranges
                0x0000000000000000       0x30 build/mmu_c.o
 .debug_aranges
                0x0000000000000030       0x30 build/string_c.o
 .debug_aranges
                0x0000000000000060       0x30 build/page_alloc_c.o
 .debug_aranges
                0x0000000000000090       0x30 build/kernel_c.o
 .debug_aranges
                0x00000000000000c0       0x30 build/mm_s.o
 .debug_aranges
                0x00000000000000f0       0x30 build/boot_s.o

.debug_line     0x0000000000000000      0x703
 .debug_line    0x0000000000000000      0x31e build/mmu_c.o
 .debug_line    0x000000000000031e      0x14f build/string_c.o
 .debug_line    0x000000000000046d      0x103 build/page_alloc_c.o
 .debug_line    0x0000000000000570       0x75 build/kernel_c.o
 .debug_line    0x00000000000005e5       0x3d build/mm_s.o
 .debug_line    0x0000000000000622       0xe1 build/boot_s.o

.debug_str      0x0000000000000000      0x449
 .debug_str     0x0000000000000000      0x313 build/mmu_c.o
                                        0x35f (size before relaxing)
 .debug_str     0x0000000000000313       0x5e build/string_c.o
                                        0x171 (size before relaxing)
 .debug_str     0x0000000000000371       0x87 build/page_alloc_c.o
                                        0x1ab (size before relaxing)
 .debug_str     0x00000000000003f8       0x31 build/kernel_c.o
                                        0x196 (size before relaxing)
 .debug_str     0x0000000000000429       0x15 build/mm_s.o
                                         0x3d (size before relaxing)
 .debug_str     0x000000000000043e        0xb build/boot_s.o
                                         0x3f (size before relaxing)

.comment        0x0000000000000000       0x2b
 .comment       0x0000000000000000       0x2b build/mmu_c.o
                                         0x2c (size before relaxing)
 .comment       0x000000000000002b       0x2c build/string_c.o
 .comment       0x000000000000002b       0x2c build/page_alloc_c.o
 .comment       0x000000000000002b       0x2c build/kernel_c.o

.note.GNU-stack
                0x0000000000000000        0x0
 .note.GNU-stack
                0x0000000000000000        0x0 build/mmu_c.o
 .note.GNU-stack
                0x0000000000000000        0x0 build/string_c.o
 .note.GNU-stack
                0x0000000000000000        0x0 build/page_alloc_c.o
 .note.GNU-stack
                0x0000000000000000        0x0 build/kernel_c.o

Cross Reference Table

Symbol                                            File
_GLOBAL_OFFSET_TABLE_                             build/mmu_c.o
__memset                                          build/string_c.o
_bss                                              build/boot_s.o
_ebss                                             build/boot_s.o
_end                                              build/boot_s.o
_etext                                            build/mmu_c.o
_heap_end                                         build/boot_s.o
                                                  build/page_alloc_c.o
_heap_start                                       build/boot_s.o
                                                  build/page_alloc_c.o
_shared_memory                                    build/boot_s.o
                                                  build/kernel_c.o
                                                  build/mmu_c.o
_stack_bottom                                     build/boot_s.o
_stack_top                                        build/boot_s.o
_start                                            build/boot_s.o
_text_boot                                        build/boot_s.o
                                                  build/mmu_c.o
bad_mode                                          build/kernel_c.o
free_page                                         build/page_alloc_c.o
get_free_page                                     build/page_alloc_c.o
                                                  build/mmu_c.o
idmap_pg_dir                                      build/boot_s.o
                                                  build/mmu_c.o
idmap_pg_end                                      build/boot_s.o
idmap_replace_ttbr1                               build/boot_s.o
init_pg_dir                                       build/boot_s.o
init_pg_end                                       build/boot_s.o
kernel_main                                       build/kernel_c.o
                                                  build/boot_s.o
mem_init                                          build/page_alloc_c.o
                                                  build/kernel_c.o
memcpy                                            build/string_c.o
memset                                            build/string_c.o
                                                  build/mmu_c.o
memzero                                           build/mm_s.o
                                                  build/boot_s.o
paging_init                                       build/mmu_c.o
                                                  build/kernel_c.o
pmd_set_section                                   build/mmu_c.o
strlen                                            build/string_c.o
vectors                                           build/boot_s.o
