
There are no discarded input sections

Memory Configuration

Name             Origin             Length             Attributes
*default*        0x0000000000000000 0xffffffffffffffff

Linker script and memory map

                0x00000000d0800000                . = 0xd0800000
                0x00000000d0800000                _text_boot = .

.text.boot      0x00000000d0800000      0x2f0
 *(.text.boot)
 .text.boot     0x00000000d0800000      0x2f0 build/boot_s.o
                0x00000000d0800000                _start
                0x00000000d0800210                idmap_replace_ttbr1
                0x00000000d08002f0                _etext_boot = .
                0x00000000d08002f0                _text = .

.text           0x00000000d0800800     0x4870
 *(.text)
 .text          0x00000000d0800800      0xb7c build/arch_mem_timer_c.o
                0x00000000d0800940                arch_mem_timer_cntacr_enable_all
                0x00000000d0800ad0                arch_mem_timer_select_frame
                0x00000000d0800b78                arch_mem_timer_active_spi
                0x00000000d0800b88                arch_mem_timer_active_base
                0x00000000d0800c68                arch_mem_timer_start_hz
                0x00000000d0800ce4                arch_mem_timer_ack_and_rearm
                0x00000000d0800dac                arch_mem_timer_ack_and_rearm_hz
                0x00000000d0800e30                arch_mem_timer_probe_frames
 .text          0x00000000d080137c      0x4bc build/arch_ppi_diag_c.o
                0x00000000d08015b4                arch_ppi27_diag_dump
 .text          0x00000000d0801838      0x2c4 build/cntv_ppi_discover_c.o
                0x00000000d08018a0                cntv_ppi_discover
 .text          0x00000000d0801afc      0x9cc build/gic_v3_c.o
                0x00000000d0801ce8                gicv3_iar1
                0x00000000d0801cfc                gicv3_eoi1
                0x00000000d0801d28                gicv3_init_for_cpu
                0x00000000d0801de4                gicv3_enable_ppi
                0x00000000d0802038                gicv3_route_spi_to_self
                0x00000000d0802080                gicv3_enable_spi
                0x00000000d0802160                el1_full_gic_init
                0x00000000d08021e4                el1_gicd_spi_init
                0x00000000d0802244                enable_ppi27
                0x00000000d08022d0                enable_all_ppis
                0x00000000d0802360                disable_all_ppis
                0x00000000d0802398                enable_ppi_mask
                0x00000000d0802474                enable_only_ppi
 .text          0x00000000d08024c8      0x5f4 build/gpio_c.o
                0x00000000d08026f8                gpio_pinmux_set
                0x00000000d080280c                gpio_direction_input
                0x00000000d080288c                gpio_direction_output
                0x00000000d0802990                gpio_get
                0x00000000d08029fc                gpio_set
 .text          0x00000000d0802abc      0x4a8 build/kernel_c.o
                0x00000000d0802af0                bad_mode
                0x00000000d0802b64                irq_handler
                0x00000000d0802cf8                kernel_main
 .text          0x00000000d0802f64      0x954 build/mmu_c.o
                0x00000000d0803154                pmd_set_section
                0x00000000d0803880                paging_init
 .text          0x00000000d08038b8      0x23c build/page_alloc_c.o
                0x00000000d08038b8                mem_init
                0x00000000d08039ec                get_free_page
                0x00000000d0803a80                free_page
 .text          0x00000000d0803af4       0xfc build/string_c.o
                0x00000000d0803af4                strlen
                0x00000000d0803b38                memset
                0x00000000d0803b8c                memcpy
 .text          0x00000000d0803bf0      0x194 build/timer_c.o
                0x00000000d0803c78                timer_start_hz
                0x00000000d0803cb8                timer_reload_hz
                0x00000000d0803cf0                timer_cntv_start_hz
                0x00000000d0803d30                timer_cntv_reload_hz
                0x00000000d0803d68                timer_cntv_stop
 .text          0x00000000d0803d84        0x0 build/boot_s.o
 *fill*         0x00000000d0803d84      0x27c 
 .text          0x00000000d0804000     0x1060 build/enter_s.o
                0x00000000d0804800                vectors
                0x00000000d0805044                trigger_alignment
 .text          0x00000000d0805060       0x10 build/mm_s.o
                0x00000000d0805060                memzero
                0x00000000d0805070                _etext = .
                0x00000000d0805070                _rodata = .

.iplt           0x00000000d0805070        0x0
 .iplt          0x00000000d0805070        0x0 build/arch_mem_timer_c.o

.rodata         0x00000000d0805070       0x78
 *(.rodata)
 .rodata        0x00000000d0805070       0x70 build/arch_mem_timer_c.o
 .rodata        0x00000000d08050e0        0x8 build/kernel_c.o
                0x00000000d08050e8                _erodata = .
                0x00000000d08050e8                _data = .

.eh_frame       0x00000000d08050e8      0xe60
 .eh_frame      0x00000000d08050e8      0x2c8 build/arch_mem_timer_c.o
 .eh_frame      0x00000000d08053b0      0x1a8 build/arch_ppi_diag_c.o
                                        0x1b8 (size before relaxing)
 .eh_frame      0x00000000d0805558       0x80 build/cntv_ppi_discover_c.o
                                         0x98 (size before relaxing)
 .eh_frame      0x00000000d08055d8      0x320 build/gic_v3_c.o
                                        0x330 (size before relaxing)
 .eh_frame      0x00000000d08058f8      0x190 build/gpio_c.o
                                        0x1a8 (size before relaxing)
 .eh_frame      0x00000000d0805a88      0x108 build/kernel_c.o
                                        0x120 (size before relaxing)
 .eh_frame      0x00000000d0805b90      0x210 build/mmu_c.o
                                        0x228 (size before relaxing)
 .eh_frame      0x00000000d0805da0       0x48 build/page_alloc_c.o
                                         0x60 (size before relaxing)
 .eh_frame      0x00000000d0805de8       0x48 build/string_c.o
                                         0x60 (size before relaxing)
 .eh_frame      0x00000000d0805e30      0x118 build/timer_c.o
                                        0x130 (size before relaxing)

.rela.dyn       0x00000000d0805f48        0x0
 .rela.iplt     0x00000000d0805f48        0x0 build/arch_mem_timer_c.o
 .rela.got      0x00000000d0805f48        0x0 build/arch_mem_timer_c.o
 .rela.text.boot
                0x00000000d0805f48        0x0 build/arch_mem_timer_c.o
 .rela.text     0x00000000d0805f48        0x0 build/arch_mem_timer_c.o

.data           0x00000000d0805f48     0x1b5c
 *(.data)
 .data          0x00000000d0805f48        0x0 build/arch_mem_timer_c.o
 .data          0x00000000d0805f48        0x0 build/arch_ppi_diag_c.o
 .data          0x00000000d0805f48        0x0 build/cntv_ppi_discover_c.o
 .data          0x00000000d0805f48        0x0 build/gic_v3_c.o
 .data          0x00000000d0805f48     0x1b58 build/gpio_c.o
 .data          0x00000000d0807aa0        0x4 build/kernel_c.o
 .data          0x00000000d0807aa4        0x0 build/mmu_c.o
 .data          0x00000000d0807aa4        0x0 build/page_alloc_c.o
 .data          0x00000000d0807aa4        0x0 build/string_c.o
 .data          0x00000000d0807aa4        0x0 build/timer_c.o
 .data          0x00000000d0807aa4        0x0 build/boot_s.o
 .data          0x00000000d0807aa4        0x0 build/enter_s.o
 .data          0x00000000d0807aa4        0x0 build/mm_s.o

.igot.plt       0x00000000d0807aa8        0x0
 .igot.plt      0x00000000d0807aa8        0x0 build/arch_mem_timer_c.o

.got            0x00000000d0807aa8       0x40
 .got           0x00000000d0807aa8       0x40 build/arch_mem_timer_c.o
                0x00000000d0807aa8                _GLOBAL_OFFSET_TABLE_

.got.plt        0x00000000d0807ae8       0x18
 .got.plt       0x00000000d0807ae8       0x18 build/arch_mem_timer_c.o

.data.rel.ro.local
                0x00000000d0807b00     0x20d0
 .data.rel.ro.local
                0x00000000d0807b00     0x20d0 build/gpio_c.o
                0x00000000d080a000                . = ALIGN (0x1000)
                0x00000000d080a000                idmap_pg_dir = .
                0x00000000d080d000                . = (. + 0x3000)
                0x00000000d080d000                idmap_pg_end = .
                0x00000000d080d000                init_pg_dir = .
                0x00000000d0810000                . = (. + 0x3000)
                0x00000000d0810000                init_pg_end = .
                0x00000000d0810000                swapper_pg_dir = .
                0x00000000d0811000                . = (. + 0x1000)
                0x00000000d0811000                _edata = .
                0x00000000d0811000                . = ALIGN (0x8)
                0x00000000d0811000                _bss = .

.bss            0x00000000d0811000     0x8038
 *(.bss*)
 .bss           0x00000000d0811000       0x10 build/arch_mem_timer_c.o
 .bss           0x00000000d0811010        0x0 build/arch_ppi_diag_c.o
 .bss           0x00000000d0811010        0x0 build/cntv_ppi_discover_c.o
 .bss           0x00000000d0811010        0x0 build/gic_v3_c.o
 .bss           0x00000000d0811010        0x0 build/gpio_c.o
 .bss           0x00000000d0811010        0x4 build/kernel_c.o
 .bss           0x00000000d0811014        0x0 build/mmu_c.o
 *fill*         0x00000000d0811014        0x4 
 .bss           0x00000000d0811018     0x8020 build/page_alloc_c.o
 .bss           0x00000000d0819038        0x0 build/string_c.o
 .bss           0x00000000d0819038        0x0 build/timer_c.o
 .bss           0x00000000d0819038        0x0 build/boot_s.o
 .bss           0x00000000d0819038        0x0 build/enter_s.o
 .bss           0x00000000d0819038        0x0 build/mm_s.o
                0x00000000d0819038                _ebss = .
                0x00000000d0819038                _end = .
                0x00000000d0819038                _heap_start = .
                0x00000000d7c00000                . = 0xd7c00000
                0x00000000d7c00000                _heap_end = .
                0x00000000d7c00000                _shared_memory = .
                0x00000000d8000000                . = 0xd8000000
                0x00000000d8000000                _stack_bottom = .
                0x00000000d87ff000                . = 0xd87ff000
                0x00000000d87ff000                _stack_top = .
LOAD build/arch_mem_timer_c.o
LOAD build/arch_ppi_diag_c.o
LOAD build/cntv_ppi_discover_c.o
LOAD build/gic_v3_c.o
LOAD build/gpio_c.o
LOAD build/kernel_c.o
LOAD build/mmu_c.o
LOAD build/page_alloc_c.o
LOAD build/string_c.o
LOAD build/timer_c.o
LOAD build/boot_s.o
LOAD build/enter_s.o
LOAD build/mm_s.o
OUTPUT(build/rubikpi3_amp.elf elf64-littleaarch64)
LOAD linker stubs

.debug_info     0x0000000000000000     0x3a8b
 .debug_info    0x0000000000000000      0x863 build/arch_mem_timer_c.o
 .debug_info    0x0000000000000863      0x46e build/arch_ppi_diag_c.o
 .debug_info    0x0000000000000cd1      0x252 build/cntv_ppi_discover_c.o
 .debug_info    0x0000000000000f23      0x80f build/gic_v3_c.o
 .debug_info    0x0000000000001732      0xb05 build/gpio_c.o
 .debug_info    0x0000000000002237      0x839 build/kernel_c.o
 .debug_info    0x0000000000002a70      0x9bf build/mmu_c.o
 .debug_info    0x000000000000342f      0x1d2 build/page_alloc_c.o
 .debug_info    0x0000000000003601      0x18b build/string_c.o
 .debug_info    0x000000000000378c      0x285 build/timer_c.o
 .debug_info    0x0000000000003a11       0x29 build/boot_s.o
 .debug_info    0x0000000000003a3a       0x29 build/enter_s.o
 .debug_info    0x0000000000003a63       0x28 build/mm_s.o

.debug_abbrev   0x0000000000000000      0xf6d
 .debug_abbrev  0x0000000000000000      0x27b build/arch_mem_timer_c.o
 .debug_abbrev  0x000000000000027b      0x11f build/arch_ppi_diag_c.o
 .debug_abbrev  0x000000000000039a      0x13b build/cntv_ppi_discover_c.o
 .debug_abbrev  0x00000000000004d5      0x1a4 build/gic_v3_c.o
 .debug_abbrev  0x0000000000000679      0x1c5 build/gpio_c.o
 .debug_abbrev  0x000000000000083e      0x232 build/kernel_c.o
 .debug_abbrev  0x0000000000000a70      0x204 build/mmu_c.o
 .debug_abbrev  0x0000000000000c74      0x102 build/page_alloc_c.o
 .debug_abbrev  0x0000000000000d76       0xc6 build/string_c.o
 .debug_abbrev  0x0000000000000e3c       0xf5 build/timer_c.o
 .debug_abbrev  0x0000000000000f31       0x14 build/boot_s.o
 .debug_abbrev  0x0000000000000f45       0x14 build/enter_s.o
 .debug_abbrev  0x0000000000000f59       0x14 build/mm_s.o

.debug_aranges  0x0000000000000000      0x270
 .debug_aranges
                0x0000000000000000       0x30 build/arch_mem_timer_c.o
 .debug_aranges
                0x0000000000000030       0x30 build/arch_ppi_diag_c.o
 .debug_aranges
                0x0000000000000060       0x30 build/cntv_ppi_discover_c.o
 .debug_aranges
                0x0000000000000090       0x30 build/gic_v3_c.o
 .debug_aranges
                0x00000000000000c0       0x30 build/gpio_c.o
 .debug_aranges
                0x00000000000000f0       0x30 build/kernel_c.o
 .debug_aranges
                0x0000000000000120       0x30 build/mmu_c.o
 .debug_aranges
                0x0000000000000150       0x30 build/page_alloc_c.o
 .debug_aranges
                0x0000000000000180       0x30 build/string_c.o
 .debug_aranges
                0x00000000000001b0       0x30 build/timer_c.o
 .debug_aranges
                0x00000000000001e0       0x30 build/boot_s.o
 .debug_aranges
                0x0000000000000210       0x30 build/enter_s.o
 .debug_aranges
                0x0000000000000240       0x30 build/mm_s.o

.debug_line     0x0000000000000000     0x166a
 .debug_line    0x0000000000000000      0x40a build/arch_mem_timer_c.o
 .debug_line    0x000000000000040a      0x2cc build/arch_ppi_diag_c.o
 .debug_line    0x00000000000006d6      0x17c build/cntv_ppi_discover_c.o
 .debug_line    0x0000000000000852      0x37a build/gic_v3_c.o
 .debug_line    0x0000000000000bcc      0x13d build/gpio_c.o
 .debug_line    0x0000000000000d09      0x23d build/kernel_c.o
 .debug_line    0x0000000000000f46      0x2aa build/mmu_c.o
 .debug_line    0x00000000000011f0       0xf6 build/page_alloc_c.o
 .debug_line    0x00000000000012e6       0xc1 build/string_c.o
 .debug_line    0x00000000000013a7       0xda build/timer_c.o
 .debug_line    0x0000000000001481       0xdf build/boot_s.o
 .debug_line    0x0000000000001560       0xbc build/enter_s.o
 .debug_line    0x000000000000161c       0x4e build/mm_s.o

.debug_str      0x0000000000000000     0x15c5
 .debug_str     0x0000000000000000     0x15c5 build/arch_mem_timer_c.o
                                        0x432 (size before relaxing)
 .debug_str     0x00000000000015c5      0x225 build/arch_ppi_diag_c.o
 .debug_str     0x00000000000015c5      0x1a0 build/cntv_ppi_discover_c.o
 .debug_str     0x00000000000015c5      0x347 build/gic_v3_c.o
 .debug_str     0x00000000000015c5      0xb8b build/gpio_c.o
 .debug_str     0x00000000000015c5      0xabc build/kernel_c.o
 .debug_str     0x00000000000015c5      0x31e build/mmu_c.o
 .debug_str     0x00000000000015c5      0x16d build/page_alloc_c.o
 .debug_str     0x00000000000015c5      0x114 build/string_c.o
 .debug_str     0x00000000000015c5      0x1a9 build/timer_c.o
 .debug_str     0x00000000000015c5       0x43 build/boot_s.o
 .debug_str     0x00000000000015c5       0x44 build/enter_s.o
 .debug_str     0x00000000000015c5       0x41 build/mm_s.o

.debug_line_str
                0x0000000000000000      0x156
 .debug_line_str
                0x0000000000000000      0x156 build/arch_mem_timer_c.o
                                         0xa2 (size before relaxing)
 .debug_line_str
                0x0000000000000156       0xb1 build/arch_ppi_diag_c.o
 .debug_line_str
                0x0000000000000156       0xc0 build/cntv_ppi_discover_c.o
 .debug_line_str
                0x0000000000000156       0x9c build/gic_v3_c.o
 .debug_line_str
                0x0000000000000156       0x97 build/gpio_c.o
 .debug_line_str
                0x0000000000000156       0xd0 build/kernel_c.o
 .debug_line_str
                0x0000000000000156       0xbd build/mmu_c.o
 .debug_line_str
                0x0000000000000156       0x87 build/page_alloc_c.o
 .debug_line_str
                0x0000000000000156       0x8a build/string_c.o
 .debug_line_str
                0x0000000000000156       0x87 build/timer_c.o
 .debug_line_str
                0x0000000000000156       0x37 build/boot_s.o
 .debug_line_str
                0x0000000000000156       0x38 build/enter_s.o
 .debug_line_str
                0x0000000000000156       0x35 build/mm_s.o

.comment        0x0000000000000000       0x2b
 .comment       0x0000000000000000       0x2b build/arch_mem_timer_c.o
                                         0x2c (size before relaxing)
 .comment       0x000000000000002b       0x2c build/arch_ppi_diag_c.o
 .comment       0x000000000000002b       0x2c build/cntv_ppi_discover_c.o
 .comment       0x000000000000002b       0x2c build/gic_v3_c.o
 .comment       0x000000000000002b       0x2c build/gpio_c.o
 .comment       0x000000000000002b       0x2c build/kernel_c.o
 .comment       0x000000000000002b       0x2c build/mmu_c.o
 .comment       0x000000000000002b       0x2c build/page_alloc_c.o
 .comment       0x000000000000002b       0x2c build/string_c.o
 .comment       0x000000000000002b       0x2c build/timer_c.o

.note.GNU-stack
                0x0000000000000000        0x0
 .note.GNU-stack
                0x0000000000000000        0x0 build/arch_mem_timer_c.o
 .note.GNU-stack
                0x0000000000000000        0x0 build/arch_ppi_diag_c.o
 .note.GNU-stack
                0x0000000000000000        0x0 build/cntv_ppi_discover_c.o
 .note.GNU-stack
                0x0000000000000000        0x0 build/gic_v3_c.o
 .note.GNU-stack
                0x0000000000000000        0x0 build/gpio_c.o
 .note.GNU-stack
                0x0000000000000000        0x0 build/kernel_c.o
 .note.GNU-stack
                0x0000000000000000        0x0 build/mmu_c.o
 .note.GNU-stack
                0x0000000000000000        0x0 build/page_alloc_c.o
 .note.GNU-stack
                0x0000000000000000        0x0 build/string_c.o
 .note.GNU-stack
                0x0000000000000000        0x0 build/timer_c.o

.debug_rnglists
                0x0000000000000000       0x17
 .debug_rnglists
                0x0000000000000000       0x17 build/cntv_ppi_discover_c.o

Cross Reference Table

Symbol                                            File
_GLOBAL_OFFSET_TABLE_                             build/arch_mem_timer_c.o
_bss                                              build/boot_s.o
_ebss                                             build/boot_s.o
_end                                              build/boot_s.o
_etext                                            build/mmu_c.o
_heap_end                                         build/boot_s.o
                                                  build/page_alloc_c.o
_heap_start                                       build/boot_s.o
                                                  build/page_alloc_c.o
_shared_memory                                    build/enter_s.o
                                                  build/boot_s.o
_stack_bottom                                     build/boot_s.o
_stack_top                                        build/boot_s.o
                                                  build/mmu_c.o
_start                                            build/boot_s.o
_text_boot                                        build/boot_s.o
                                                  build/mmu_c.o
arch_mem_timer_ack_and_rearm                      build/arch_mem_timer_c.o
arch_mem_timer_ack_and_rearm_hz                   build/arch_mem_timer_c.o
arch_mem_timer_active_base                        build/arch_mem_timer_c.o
arch_mem_timer_active_spi                         build/arch_mem_timer_c.o
arch_mem_timer_cntacr_enable_all                  build/arch_mem_timer_c.o
arch_mem_timer_probe_frames                       build/arch_mem_timer_c.o
arch_mem_timer_select_frame                       build/arch_mem_timer_c.o
arch_mem_timer_start_hz                           build/arch_mem_timer_c.o
arch_ppi27_diag_dump                              build/arch_ppi_diag_c.o
                                                  build/kernel_c.o
bad_mode                                          build/kernel_c.o
                                                  build/enter_s.o
cntv_ppi_discover                                 build/cntv_ppi_discover_c.o
                                                  build/kernel_c.o
disable_all_ppis                                  build/gic_v3_c.o
                                                  build/kernel_c.o
                                                  build/cntv_ppi_discover_c.o
el1_full_gic_init                                 build/gic_v3_c.o
el1_gicd_spi_init                                 build/gic_v3_c.o
enable_all_ppis                                   build/gic_v3_c.o
enable_only_ppi                                   build/gic_v3_c.o
                                                  build/kernel_c.o
enable_ppi27                                      build/gic_v3_c.o
enable_ppi_mask                                   build/gic_v3_c.o
free_page                                         build/page_alloc_c.o
get_free_page                                     build/page_alloc_c.o
                                                  build/mmu_c.o
gicv3_enable_ppi                                  build/gic_v3_c.o
gicv3_enable_spi                                  build/gic_v3_c.o
                                                  build/arch_mem_timer_c.o
gicv3_eoi1                                        build/gic_v3_c.o
                                                  build/kernel_c.o
gicv3_iar1                                        build/gic_v3_c.o
                                                  build/kernel_c.o
gicv3_init_for_cpu                                build/gic_v3_c.o
                                                  build/kernel_c.o
gicv3_route_spi_to_self                           build/gic_v3_c.o
                                                  build/arch_mem_timer_c.o
gpio_direction_input                              build/gpio_c.o
gpio_direction_output                             build/gpio_c.o
                                                  build/kernel_c.o
gpio_get                                          build/gpio_c.o
gpio_pinmux_set                                   build/gpio_c.o
                                                  build/kernel_c.o
gpio_set                                          build/gpio_c.o
idmap_pg_dir                                      build/boot_s.o
                                                  build/mmu_c.o
idmap_pg_end                                      build/boot_s.o
idmap_replace_ttbr1                               build/boot_s.o
init_pg_dir                                       build/boot_s.o
init_pg_end                                       build/boot_s.o
irq_handler                                       build/kernel_c.o
                                                  build/enter_s.o
kernel_main                                       build/kernel_c.o
                                                  build/boot_s.o
mem_init                                          build/page_alloc_c.o
                                                  build/kernel_c.o
memcpy                                            build/string_c.o
memset                                            build/string_c.o
                                                  build/mmu_c.o
memzero                                           build/mm_s.o
                                                  build/boot_s.o
paging_init                                       build/mmu_c.o
                                                  build/kernel_c.o
pmd_set_section                                   build/mmu_c.o
strlen                                            build/string_c.o
timer_cntv_reload_hz                              build/timer_c.o
                                                  build/kernel_c.o
timer_cntv_start_hz                               build/timer_c.o
                                                  build/kernel_c.o
timer_cntv_stop                                   build/timer_c.o
timer_reload_hz                                   build/timer_c.o
timer_start_hz                                    build/timer_c.o
trigger_alignment                                 build/enter_s.o
vectors                                           build/enter_s.o
                                                  build/boot_s.o
                                                  build/kernel_c.o
